[
["analysis", "the breakdown of a whole into constituent parts for individual study and study of interrelationships"],
["analytical skills", "a set of skills which help you systematically identify and solve complex problems"],
["attention to detail", "recognition of small components or attributes of some larger whole"],
["communication", "the ability to cleary and respectfully recieve and impart messages from and to others"],
["creativity", "the use of imagination or original ideas"],
["management", "the process of controlling and directing people"],
["multitasking", "the ability to perform multiple task simultaneously"],
["organization", "the process of arranging items to be easy to find and follow"],
["problem solving", "developiong and implementing solutions obstacles"],
["teamwork", "working together with others to achieve some goal"],
["cloud computing", ""],
["computer science", ""],
["electronics", ""],
["engineering design", ""],
["IT infrastructure", ""],
["project management", ""],
["PCB design", ""],
["programming languages", ""],
["software design", ""],
["software and technology", ""],
["systems architecture", ""],
["virtualization", ""]
]
